  N   span     dT   Tmax
  1  30.00 3e-009 2e-005
Z-phase
  4.00000e+002
Z-modal
  4.00000e+002
Modal Transformation (Ti)
  1.00000e+000
Power-frequency source at pole 1.
   #        vp        vm         i
   1       0.0       0.0       0.0
Power-frequency source at pole 3.
   #        vp        vm         i
   1       0.0       0.0       0.0
Meter at pole 2, from 1 to 0, max V   = 4.838572e+004
Meter at pole 2, arrester max I       = 1.977629e+004
nr_iter = 29881, nr_max = 11
Execution time [sec]: 0.062
