  N   span     dT   Tmax
  1  30.00 1e-009 5e-006
Z-phase
  4.00000e+002
Z-modal
  4.00000e+002
Modal Transformation (Ti)
  1.00000e+000
Power-frequency source at pole 1.
   #        vp        vm         i
   1       0.0       0.0       0.0
Power-frequency source at pole 3.
   #        vp        vm         i
   1       0.0       0.0       0.0
Meter at pole 2, from 1 to 0, max V   = 5.143058e+004
Meter at pole 2, arrester max I       = 1.978604e+004
Arrester at pole 2, from 1 to 0 discharged 1.978604e+004 Amperes.
	Time operated: 8.700000e-008	Time of peak: 1.409000e-006
	Charge: 8.303808e-002	Energy: 3.520413e+003
nr_iter = 0, nr_max = 0
Execution time [sec]: 0.031
