  N   span     dT   Tmax
  4  30.00 2e-008 5e-006
Z-phase
  4.76183e+002  1.53897e+002  1.14495e+002  1.18652e+002
  1.53897e+002  4.79110e+002  1.53897e+002  1.20089e+002
  1.14495e+002  1.53897e+002  4.76183e+002  1.18652e+002
  1.18652e+002  1.20089e+002  1.18652e+002  4.62794e+002
Z-modal
  3.09135e+002  2.27374e-013  -3.47283e-014  -4.97380e-014
  8.17124e-014  8.65241e+002  -1.49568e-014  0.00000e+000
  -4.83315e-015  -5.64278e-014  3.61688e+002  -1.86397e-015
  -7.10543e-015  0.00000e+000  4.04593e-014  3.58204e+002
Modal Transformation (Ti)
  4.62950e-001  4.99988e-001  -7.07107e-001  -1.88916e-001
  -7.43996e-001  5.40392e-001  2.31700e-015  -3.92998e-001
  4.62950e-001  4.99988e-001  7.07107e-001  -1.88916e-001
  -1.33509e-001  4.56071e-001  -6.75388e-015  8.79872e-001
Power-frequency source at pole 1.
   #        vp        vm         i
   1    3854.0   13393.5      13.9
   2  -11097.0    -448.4     -35.0
   3    7243.0    2396.4      23.3
   4       0.0    2264.7      -0.5
Power-frequency source at pole 31.
   #        vp        vm         i
   1    3854.0   13393.5      13.9
   2  -11097.0    -448.4     -35.0
   3    7243.0    2396.4      23.3
   4       0.0    2264.7      -0.5
Meter at pole 17, from 1 to 4, max V   = -3.627803e+004
Meter at pole 17, from 2 to 4, max V   = 2.754351e+004
Meter at pole 17, from 3 to 4, max V   = 2.927368e+004
Insulator at pole 16, from 1 to 4 per-unit SI = 6.022067e-001
Insulator at pole 16, from 2 to 4 per-unit SI = 1.151740e-001
Insulator at pole 16, from 3 to 4 per-unit SI = 1.167276e-001
nr_iter = 18266, nr_max = 12
Execution time [sec]: 0.062
